     1                                  section .data
     2 00000000 620000000000000000-          text1 dq 'b', 0
     2 00000009 00000000000000     
     3                                  section .bss
     4 00000000 <res 00000001>            cur_len resb 1
     5 00000001 <res 00000001>            CurrentSym resb 1
     6 00000002 <res 00000064>            original_text resb 100
     7                                    
     8                                  global _Z5modifPci
     9                                  extern _Z5printPc
    10                                       section .text
    11                                  _Z5modifPci:
    12                                  
    13 00000000 55                           push    rbp
    14 00000001 4889E5                       mov     rbp, rsp
    15 00000004 4889F1                       mov     rcx, rsi
    16                                       lea rsi, rdi
    16          ******************       error: invalid combination of opcode and operands
    17 00000007 488D3C25[00000000]           lea rdi, [text1]
    18 0000000F 48893C25[02000000]           mov [original_text], rdi
    19                                  loop1:
    20 00000017 803E7E                       cmp byte[rsi], "~"
    21 0000001A 741B                         je zap
    22 0000001C A4                           movsb
    23 0000001D 4883F900                     cmp rcx, 0
    24 00000021 7C49                         jl exit
    25 00000023 E2F2                         loop loop1
    26 00000025 48893C25[02000000]           mov [original_text], rdi
    27 0000002D 488D3C25[02000000]           lea rdi, [original_text]
    28 00000035 EB35                         jmp exit
    29                                  
    30                                  zap:
    31 00000037 48FFC6                      inc rsi
    32 0000003A 8A06                        mov al, byte[rsi]
    33 0000003C 880425[01000000]            mov [CurrentSym], al
    34 00000043 48FFC6                      inc rsi
    35 00000046 8A06                        mov al, byte[rsi]
    36 00000048 880425[00000000]            mov [cur_len], al
    37 0000004F 48FFC6                      inc rsi
    38 00000052 51                          push rcx
    39 00000053 4889C1                      mov rcx, rax
    40 00000056 4883E930                    sub rcx, 48
    41 0000005A 56                          push rsi
    42 0000005B 8A0425[01000000]            mov al, [CurrentSym]
    43 00000062 F3AA                        rep stosb
    44 00000064 5E                          pop rsi
    45 00000065 59                          pop rcx
    46 00000066 4883E903                    sub rcx, 3
    47 0000006A EBAB                        jmp loop1
    48                                  
    49                                  exit:
    50 0000006C E8(00000000)                 call _Z5printPc
    51 00000071 58                           pop rax
    52 00000072 59                           pop rcx
    53 00000073 4889EC                       mov     rsp,rbp
    54 00000076 5D                           pop     rbp
    55 00000077 C3                           ret
